// Jest Snapshot v1, https://goo.gl/fbAQLP

exports[`BoardSquare Component should render the component 1`] = `
<BoardSquare
  isWinning={true}
  squareClickHanlder={[Function]}
  squareValue={1}
>
  <button
    className="board-square winning-square"
    onClick={[Function]}
  >
    1
  </button>
</BoardSquare>
`;
